Flow report for top
Sun Mar 19 13:08:24 2023
Quartus Prime Version 22.1std.0 Build 915 10/25/2022 SC Lite Edition


---------------------
; Table of Contents ;
---------------------
  1. Legal Notice
  2. Flow Summary
  3. Flow Settings
  4. Flow Non-Default Global Settings
  5. Flow Elapsed Time
  6. Flow OS Summary
  7. Flow Log
  8. Flow Messages
  9. Flow Suppressed Messages



----------------
; Legal Notice ;
----------------
Copyright (C) 2022  Intel Corporation. All rights reserved.
Your use of Intel Corporation's design tools, logic functions 
and other software and tools, and any partner logic 
functions, and any output files from any of the foregoing 
(including device programming or simulation files), and any 
associated documentation or information are expressly subject 
to the terms and conditions of the Intel Program License 
Subscription Agreement, the Intel Quartus Prime License Agreement,
the Intel FPGA IP License Agreement, or other applicable license
agreement, including, without limitation, that your use is for
the sole purpose of programming logic devices manufactured by
Intel and sold by Intel or its authorized distributors.  Please
refer to the applicable agreement for further details, at
https://fpgasoftware.intel.com/eula.



+-------------------------------------------------------------------------------------+
; Flow Summary                                                                        ;
+------------------------------------+------------------------------------------------+
; Flow Status                        ; Successful - Sun Mar 19 13:08:18 2023          ;
; Quartus Prime Version              ; 22.1std.0 Build 915 10/25/2022 SC Lite Edition ;
; Revision Name                      ; top                                            ;
; Top-level Entity Name              ; top                                            ;
; Family                             ; Cyclone IV E                                   ;
; Device                             ; EP4CE6E22C8                                    ;
; Timing Models                      ; Final                                          ;
; Total logic elements               ; 5,458 / 6,272 ( 87 % )                         ;
;     Total combinational functions  ; 5,086 / 6,272 ( 81 % )                         ;
;     Dedicated logic registers      ; 1,636 / 6,272 ( 26 % )                         ;
; Total registers                    ; 1636                                           ;
; Total pins                         ; 60 / 92 ( 65 % )                               ;
; Total virtual pins                 ; 0                                              ;
; Total memory bits                  ; 171,520 / 276,480 ( 62 % )                     ;
; Embedded Multiplier 9-bit elements ; 0 / 30 ( 0 % )                                 ;
; Total PLLs                         ; 0 / 2 ( 0 % )                                  ;
+------------------------------------+------------------------------------------------+


+-----------------------------------------+
; Flow Settings                           ;
+-------------------+---------------------+
; Option            ; Setting             ;
+-------------------+---------------------+
; Start date & time ; 03/19/2023 13:05:08 ;
; Main task         ; Compilation         ;
; Revision Name     ; top                 ;
+-------------------+---------------------+


+-------------------------------------------------------------------------------------------------------+
; Flow Non-Default Global Settings                                                                      ;
+--------------------------+---------------------------------+---------------+-------------+------------+
; Assignment Name          ; Value                           ; Default Value ; Entity Name ; Section Id ;
+--------------------------+---------------------------------+---------------+-------------+------------+
; COMPILER_SIGNATURE_ID    ; 105996039157872.167921310841335 ; --            ; --          ; --         ;
; NUM_PARALLEL_PROCESSORS  ; 4                               ; --            ; --          ; --         ;
; PROJECT_OUTPUT_DIRECTORY ; .                               ; --            ; --          ; --         ;
; SEARCH_PATH              ; ..                              ; --            ; --          ; --         ;
; SEARCH_PATH              ; ../../../design                 ; --            ; --          ; --         ;
; VERILOG_INPUT_VERSION    ; SystemVerilog_2005              ; Verilog_2001  ; --          ; --         ;
+--------------------------+---------------------------------+---------------+-------------+------------+


+--------------------------------------------------------------------------------------------------------------------------+
; Flow Elapsed Time                                                                                                        ;
+----------------------+--------------+-------------------------+---------------------+------------------------------------+
; Module Name          ; Elapsed Time ; Average Processors Used ; Peak Virtual Memory ; Total CPU Time (on all processors) ;
+----------------------+--------------+-------------------------+---------------------+------------------------------------+
; Analysis & Synthesis ; 00:02:40     ; 1.0                     ; 2379 MB             ; 00:02:55                           ;
; Fitter               ; 00:00:23     ; 1.1                     ; 1013 MB             ; 00:00:34                           ;
; Assembler            ; 00:00:01     ; 1.0                     ; 378 MB              ; 00:00:01                           ;
; Timing Analyzer      ; 00:00:04     ; 1.3                     ; 521 MB              ; 00:00:06                           ;
; Total                ; 00:03:08     ; --                      ; --                  ; 00:03:36                           ;
+----------------------+--------------+-------------------------+---------------------+------------------------------------+


+----------------------------------------------------------------------------------------+
; Flow OS Summary                                                                        ;
+----------------------+------------------+----------------+------------+----------------+
; Module Name          ; Machine Hostname ; OS Name        ; OS Version ; Processor type ;
+----------------------+------------------+----------------+------------+----------------+
; Analysis & Synthesis ; T420             ; Ubuntu 20.04.6 ; 20         ; x86_64         ;
; Fitter               ; T420             ; Ubuntu 20.04.6 ; 20         ; x86_64         ;
; Assembler            ; T420             ; Ubuntu 20.04.6 ; 20         ; x86_64         ;
; Timing Analyzer      ; T420             ; Ubuntu 20.04.6 ; 20         ; x86_64         ;
+----------------------+------------------+----------------+------------+----------------+


------------
; Flow Log ;
------------
quartus_map --read_settings_files=on --write_settings_files=off top -c top
quartus_fit --read_settings_files=off --write_settings_files=off top -c top
quartus_asm --read_settings_files=off --write_settings_files=off top -c top
quartus_sta top -c top



