------------------------------------------------------------
Timing Analyzer Summary
------------------------------------------------------------

Type  : Slow 1200mV 85C Model Setup 'clk'
Slack : -2.478
TNS   : -37.570

Type  : Slow 1200mV 85C Model Setup 'dig_counter[23]'
Slack : -2.335
TNS   : -23.818

Type  : Slow 1200mV 85C Model Setup 'dig_counter[15]'
Slack : -0.002
TNS   : -0.002

Type  : Slow 1200mV 85C Model Hold 'dig_counter[23]'
Slack : 0.445
TNS   : 0.000

Type  : Slow 1200mV 85C Model Hold 'dig_counter[15]'
Slack : 0.452
TNS   : 0.000

Type  : Slow 1200mV 85C Model Hold 'clk'
Slack : 0.465
TNS   : 0.000

Type  : Slow 1200mV 85C Model Minimum Pulse Width 'clk'
Slack : -3.000
TNS   : -38.688

Type  : Slow 1200mV 85C Model Minimum Pulse Width 'dig_counter[23]'
Slack : -1.487
TNS   : -23.792

Type  : Slow 1200mV 85C Model Minimum Pulse Width 'dig_counter[15]'
Slack : -1.487
TNS   : -2.974

Type  : Slow 1200mV 0C Model Setup 'dig_counter[23]'
Slack : -2.097
TNS   : -20.850

Type  : Slow 1200mV 0C Model Setup 'clk'
Slack : -2.074
TNS   : -31.378

Type  : Slow 1200mV 0C Model Setup 'dig_counter[15]'
Slack : 0.093
TNS   : 0.000

Type  : Slow 1200mV 0C Model Hold 'dig_counter[23]'
Slack : 0.397
TNS   : 0.000

Type  : Slow 1200mV 0C Model Hold 'dig_counter[15]'
Slack : 0.402
TNS   : 0.000

Type  : Slow 1200mV 0C Model Hold 'clk'
Slack : 0.416
TNS   : 0.000

Type  : Slow 1200mV 0C Model Minimum Pulse Width 'clk'
Slack : -3.000
TNS   : -38.688

Type  : Slow 1200mV 0C Model Minimum Pulse Width 'dig_counter[23]'
Slack : -1.487
TNS   : -23.792

Type  : Slow 1200mV 0C Model Minimum Pulse Width 'dig_counter[15]'
Slack : -1.487
TNS   : -2.974

Type  : Fast 1200mV 0C Model Setup 'clk'
Slack : -0.906
TNS   : -7.514

Type  : Fast 1200mV 0C Model Setup 'dig_counter[23]'
Slack : -0.429
TNS   : -2.719

Type  : Fast 1200mV 0C Model Setup 'dig_counter[15]'
Slack : 0.565
TNS   : 0.000

Type  : Fast 1200mV 0C Model Hold 'dig_counter[23]'
Slack : 0.185
TNS   : 0.000

Type  : Fast 1200mV 0C Model Hold 'dig_counter[15]'
Slack : 0.186
TNS   : 0.000

Type  : Fast 1200mV 0C Model Hold 'clk'
Slack : 0.193
TNS   : 0.000

Type  : Fast 1200mV 0C Model Minimum Pulse Width 'clk'
Slack : -3.000
TNS   : -28.536

Type  : Fast 1200mV 0C Model Minimum Pulse Width 'dig_counter[23]'
Slack : -1.000
TNS   : -16.000

Type  : Fast 1200mV 0C Model Minimum Pulse Width 'dig_counter[15]'
Slack : -1.000
TNS   : -2.000

------------------------------------------------------------
