------------------------------------------------------------
Timing Analyzer Summary
------------------------------------------------------------

Type  : Slow 1200mV 85C Model Setup 'vga_clk'
Slack : -2.709
TNS   : -55.640

Type  : Slow 1200mV 85C Model Setup 'clock'
Slack : -0.766
TNS   : -0.766

Type  : Slow 1200mV 85C Model Hold 'clock'
Slack : 0.597
TNS   : 0.000

Type  : Slow 1200mV 85C Model Hold 'vga_clk'
Slack : 0.646
TNS   : 0.000

Type  : Slow 1200mV 85C Model Minimum Pulse Width 'clock'
Slack : -3.000
TNS   : -4.487

Type  : Slow 1200mV 85C Model Minimum Pulse Width 'vga_clk'
Slack : -1.487
TNS   : -43.123

Type  : Slow 1200mV 0C Model Setup 'vga_clk'
Slack : -2.437
TNS   : -48.857

Type  : Slow 1200mV 0C Model Setup 'clock'
Slack : -0.664
TNS   : -0.664

Type  : Slow 1200mV 0C Model Hold 'clock'
Slack : 0.552
TNS   : 0.000

Type  : Slow 1200mV 0C Model Hold 'vga_clk'
Slack : 0.586
TNS   : 0.000

Type  : Slow 1200mV 0C Model Minimum Pulse Width 'clock'
Slack : -3.000
TNS   : -4.487

Type  : Slow 1200mV 0C Model Minimum Pulse Width 'vga_clk'
Slack : -1.487
TNS   : -43.123

Type  : Fast 1200mV 0C Model Setup 'vga_clk'
Slack : -0.569
TNS   : -7.933

Type  : Fast 1200mV 0C Model Setup 'clock'
Slack : -0.084
TNS   : -0.084

Type  : Fast 1200mV 0C Model Hold 'clock'
Slack : 0.262
TNS   : 0.000

Type  : Fast 1200mV 0C Model Hold 'vga_clk'
Slack : 0.273
TNS   : 0.000

Type  : Fast 1200mV 0C Model Minimum Pulse Width 'clock'
Slack : -3.000
TNS   : -4.310

Type  : Fast 1200mV 0C Model Minimum Pulse Width 'vga_clk'
Slack : -1.000
TNS   : -29.000

------------------------------------------------------------
